# Bake Begins!
### (1 of 6) Copy sources
$ cp -a /home/travis/build/fontdirectory/vesperlibre/METADATA.json /home/travis/build/fontdirectory/vesperlibre/builds/build
$ cp -a /home/travis/build/fontdirectory/vesperlibre/DESCRIPTION.en_us.html /home/travis/build/fontdirectory/vesperlibre/builds/build
$ cp -a VesperLibre-Regular.ttf.ttx VesperLibre-Heavy.ttf.ttx VesperLibre-Bold.ttf.ttx VesperLibre-Medium.ttf.ttx VesperLibre-Regular.ttf.GlyphOrder.ttx VesperLibre-Regular.ttf.O_S_2f_2.ttx VesperLibre-Regular.ttf.G_S_U_B_.ttx VesperLibre-Regular.ttf._p_o_s_t.ttx VesperLibre-Regular.ttf._n_a_m_e.ttx VesperLibre-Regular.ttf._h_m_t_x.ttx VesperLibre-Regular.ttf.G_P_O_S_.ttx VesperLibre-Regular.ttf._h_h_e_a.ttx VesperLibre-Regular.ttf._c_m_a_p.ttx VesperLibre-Regular.ttf._h_e_a_d.ttx VesperLibre-Regular.ttf._g_l_y_f.ttx VesperLibre-Regular.ttf._g_a_s_p.ttx VesperLibre-Regular.ttf.G_D_E_F_.ttx VesperLibre-Regular.ttf._m_a_x_p.ttx VesperLibre-Regular.ttf._l_o_c_a.ttx VesperLibre-Heavy.ttf._h_h_e_a.ttx VesperLibre-Heavy.ttf._g_a_s_p.ttx VesperLibre-Heavy.ttf._h_e_a_d.ttx VesperLibre-Heavy.ttf._c_m_a_p.ttx VesperLibre-Heavy.ttf.O_S_2f_2.ttx VesperLibre-Heavy.ttf.G_D_E_F_.ttx VesperLibre-Heavy.ttf._n_a_m_e.ttx VesperLibre-Heavy.ttf._g_l_y_f.ttx VesperLibre-Heavy.ttf._h_m_t_x.ttx VesperLibre-Heavy.ttf.GlyphOrder.ttx VesperLibre-Heavy.ttf._p_o_s_t.ttx VesperLibre-Heavy.ttf.G_S_U_B_.ttx VesperLibre-Heavy.ttf._l_o_c_a.ttx VesperLibre-Heavy.ttf.G_P_O_S_.ttx VesperLibre-Heavy.ttf._m_a_x_p.ttx VesperLibre-Bold.ttf.O_S_2f_2.ttx VesperLibre-Bold.ttf._g_l_y_f.ttx VesperLibre-Bold.ttf.G_P_O_S_.ttx VesperLibre-Bold.ttf._h_e_a_d.ttx VesperLibre-Bold.ttf._p_o_s_t.ttx VesperLibre-Bold.ttf._m_a_x_p.ttx VesperLibre-Bold.ttf.G_S_U_B_.ttx VesperLibre-Bold.ttf._l_o_c_a.ttx VesperLibre-Bold.ttf._g_a_s_p.ttx VesperLibre-Bold.ttf._c_m_a_p.ttx VesperLibre-Bold.ttf.G_D_E_F_.ttx VesperLibre-Bold.ttf._n_a_m_e.ttx VesperLibre-Bold.ttf._h_h_e_a.ttx VesperLibre-Bold.ttf.GlyphOrder.ttx VesperLibre-Bold.ttf._h_m_t_x.ttx VesperLibre-Medium.ttf._n_a_m_e.ttx VesperLibre-Medium.ttf.G_P_O_S_.ttx VesperLibre-Medium.ttf._h_m_t_x.ttx VesperLibre-Medium.ttf._p_o_s_t.ttx VesperLibre-Medium.ttf._c_m_a_p.ttx VesperLibre-Medium.ttf.G_S_U_B_.ttx VesperLibre-Medium.ttf._m_a_x_p.ttx VesperLibre-Medium.ttf._l_o_c_a.ttx VesperLibre-Medium.ttf.G_D_E_F_.ttx VesperLibre-Medium.ttf._h_h_e_a.ttx VesperLibre-Medium.ttf.GlyphOrder.ttx VesperLibre-Medium.ttf._g_l_y_f.ttx VesperLibre-Medium.ttf._g_a_s_p.ttx VesperLibre-Medium.ttf._h_e_a_d.ttx VesperLibre-Medium.ttf.O_S_2f_2.ttx /home/travis/build/fontdirectory/vesperlibre/builds/build/sources
### (2 of 6) pyfontaine
### (3 of 6) Run upstream tests
$ fontbakery-check.py upstream-repo sources
$ fontaine --collections subsets --text /home/travis/build/fontdirectory/vesperlibre/builds/build/sources/VesperLibre-Regular.ttf.ttx /home/travis/build/fontdirectory/vesperlibre/builds/build/sources/VesperLibre-Heavy.ttf.ttx /home/travis/build/fontdirectory/vesperlibre/builds/build/sources/VesperLibre-Bold.ttf.ttx /home/travis/build/fontdirectory/vesperlibre/builds/build/sources/VesperLibre-Medium.ttf.ttx > fontaine.txt
WARNING: Please install [PyICU](https://pypi.python.org/pypi/PyICU) toenable [feature], perhaps with: pip install pyicu
bakery_lint.tests.upstream.test_prepolation.FontTestPrepolation.test_font_prepolation_glyph_contours(): OK
end of pyfontaine process
bakery_lint.tests.upstream.test_prepolation.FontTestPrepolation.test_font_prepolation_glyph_points(): OK
bakery_lint.tests.upstream.test_prepolation.FontTestPrepolation.test_font_test_prepolation_glyph_names(): OK
bakery_lint.tests.upstream.test_check_upstream_sources.ProjectUpstreamTestCase.test_bakery_yaml_exists(): OK
bakery_lint.tests.upstream.test_check_upstream_sources.ProjectUpstreamTestCase.test_copyright_notices_same_across_family(): OK
bakery_lint.tests.upstream.test_check_upstream_sources.ProjectUpstreamTestCase.test_description_html_exists(): OK
bakery_lint.tests.upstream.test_check_upstream_sources.ProjectUpstreamTestCase.test_fontlog_txt_exists(): FAIL
bakery_lint.tests.upstream.test_check_upstream_sources.ProjectUpstreamTestCase.test_metadata_json_exists(): OK
bakery_lint.tests.upstream.test_diacritic.TestDiacritic.test_diacritic_made_as_component(): OK
bakery_lint.tests.upstream.test_diacritic.TestDiacritic.test_diacritic_made_as_mark_to_mark(): OK
bakery_lint.tests.upstream.test_diacritic.TestDiacritic.test_diacritic_made_as_own_glyphs(): OK
$ fontbakery-check.py upstream-ttx VesperLibre-Regular.ttf.ttx
bakery_lint.tests.upstream.test_check_ttx_requirements.SourceTTXTest.test_epar_in_keys(): FAIL
bakery_lint.tests.upstream.test_check_ttx_requirements.SourceTTXTest.test_os2_in_keys(): OK
bakery_lint.tests.upstream.test_check_ttx_requirements.SourceTTXTest.test_ttx_doesnt_contain_duplicate_glyphs(): OK
bakery_lint.tests.upstream.test_glyphname_does_not_contain_disallowed_chars.TestGlyphNameDoesNotContainsDisallowedChars.test_glyphname_does_not_contain_disallowed_chars(): OK
bakery_lint.tests.upstream.test_check_ttx_fontfamily_recommendations.TTX_FontFamilyNamingTest.test_ttx_family_naming_recommendation(): OK
bakery_lint.tests.upstream.test_font_filename_eq_familystyle.TestTTFSourceFontFileNameEqualsFamilyStyle.test_source_ttf_font_filename_equals_familystyle(): FAIL
$ mv /home/travis/build/fontdirectory/vesperlibre/builds/build/sources/VesperLibre-Regular.ttf.ttx /home/travis/build/fontdirectory/vesperlibre/builds/build/sources/VesperDevanagariLibre-Regular.ttx
bakery_lint.tests.upstream.test_font_filename_eq_familystyle.TestTTFSourceFontFileNameEqualsFamilyStyle.test_source_ttf_font_filename_equals_familystyle(): OK
$ fontbakery-check.py upstream-ttx VesperLibre-Heavy.ttf.ttx
bakery_lint.tests.upstream.test_check_ttx_requirements.SourceTTXTest.test_epar_in_keys(): FAIL
bakery_lint.tests.upstream.test_check_ttx_requirements.SourceTTXTest.test_os2_in_keys(): OK
bakery_lint.tests.upstream.test_check_ttx_requirements.SourceTTXTest.test_ttx_doesnt_contain_duplicate_glyphs(): OK
bakery_lint.tests.upstream.test_glyphname_does_not_contain_disallowed_chars.TestGlyphNameDoesNotContainsDisallowedChars.test_glyphname_does_not_contain_disallowed_chars(): OK
bakery_lint.tests.upstream.test_check_ttx_fontfamily_recommendations.TTX_FontFamilyNamingTest.test_ttx_family_naming_recommendation(): OK
bakery_lint.tests.upstream.test_font_filename_eq_familystyle.TestTTFSourceFontFileNameEqualsFamilyStyle.test_source_ttf_font_filename_equals_familystyle(): FAIL
$ mv /home/travis/build/fontdirectory/vesperlibre/builds/build/sources/VesperLibre-Heavy.ttf.ttx /home/travis/build/fontdirectory/vesperlibre/builds/build/sources/VesperDevanagariLibre-Heavy.ttx
bakery_lint.tests.upstream.test_font_filename_eq_familystyle.TestTTFSourceFontFileNameEqualsFamilyStyle.test_source_ttf_font_filename_equals_familystyle(): OK
$ fontbakery-check.py upstream-ttx VesperLibre-Bold.ttf.ttx
bakery_lint.tests.upstream.test_check_ttx_requirements.SourceTTXTest.test_epar_in_keys(): FAIL
bakery_lint.tests.upstream.test_check_ttx_requirements.SourceTTXTest.test_os2_in_keys(): OK
bakery_lint.tests.upstream.test_check_ttx_requirements.SourceTTXTest.test_ttx_doesnt_contain_duplicate_glyphs(): OK
bakery_lint.tests.upstream.test_glyphname_does_not_contain_disallowed_chars.TestGlyphNameDoesNotContainsDisallowedChars.test_glyphname_does_not_contain_disallowed_chars(): OK
bakery_lint.tests.upstream.test_check_ttx_fontfamily_recommendations.TTX_FontFamilyNamingTest.test_ttx_family_naming_recommendation(): OK
bakery_lint.tests.upstream.test_font_filename_eq_familystyle.TestTTFSourceFontFileNameEqualsFamilyStyle.test_source_ttf_font_filename_equals_familystyle(): FAIL
$ mv /home/travis/build/fontdirectory/vesperlibre/builds/build/sources/VesperLibre-Bold.ttf.ttx /home/travis/build/fontdirectory/vesperlibre/builds/build/sources/VesperDevanagariLibre-Bold.ttx
bakery_lint.tests.upstream.test_font_filename_eq_familystyle.TestTTFSourceFontFileNameEqualsFamilyStyle.test_source_ttf_font_filename_equals_familystyle(): OK
$ fontbakery-check.py upstream-ttx VesperLibre-Medium.ttf.ttx
bakery_lint.tests.upstream.test_check_ttx_requirements.SourceTTXTest.test_epar_in_keys(): FAIL
bakery_lint.tests.upstream.test_check_ttx_requirements.SourceTTXTest.test_os2_in_keys(): OK
bakery_lint.tests.upstream.test_check_ttx_requirements.SourceTTXTest.test_ttx_doesnt_contain_duplicate_glyphs(): OK
bakery_lint.tests.upstream.test_glyphname_does_not_contain_disallowed_chars.TestGlyphNameDoesNotContainsDisallowedChars.test_glyphname_does_not_contain_disallowed_chars(): OK
bakery_lint.tests.upstream.test_check_ttx_fontfamily_recommendations.TTX_FontFamilyNamingTest.test_ttx_family_naming_recommendation(): OK
bakery_lint.tests.upstream.test_font_filename_eq_familystyle.TestTTFSourceFontFileNameEqualsFamilyStyle.test_source_ttf_font_filename_equals_familystyle(): FAIL
$ mv /home/travis/build/fontdirectory/vesperlibre/builds/build/sources/VesperLibre-Medium.ttf.ttx /home/travis/build/fontdirectory/vesperlibre/builds/build/sources/VesperDevanagariLibre-Medium.ttx
bakery_lint.tests.upstream.test_font_filename_eq_familystyle.TestTTFSourceFontFileNameEqualsFamilyStyle.test_source_ttf_font_filename_equals_familystyle(): OK
### (4 of 6) Convert sources to TTF
$ ttx -d /home/travis/build/fontdirectory/vesperlibre/builds/build /home/travis/build/fontdirectory/vesperlibre/builds/build/sources/VesperDevanagariLibre-Bold.ttx /home/travis/build/fontdirectory/vesperlibre/builds/build/sources/VesperDevanagariLibre-Regular.ttx /home/travis/build/fontdirectory/vesperlibre/builds/build/sources/VesperDevanagariLibre-Medium.ttx /home/travis/build/fontdirectory/vesperlibre/builds/build/sources/VesperDevanagariLibre-Heavy.ttx
Compiling "/home/travis/build/fontdirectory/vesperlibre/builds/build/sources/VesperDevanagariLibre-Bold.ttx" to "/home/travis/build/fontdirectory/vesperlibre/builds/build/VesperDevanagariLibre-Bold.ttf"...
Parsing 'GlyphOrder' table...
Parsing 'head' table...
Parsing 'hhea' table...
Parsing 'maxp' table...
Parsing 'OS/2' table...
Parsing 'hmtx' table...
Parsing 'cmap' table...
Parsing 'loca' table...
Parsing 'glyf' table...
Parsing 'name' table...
Parsing 'post' table...
Parsing 'gasp' table...
Parsing 'GDEF' table...
Parsing 'GPOS' table...
Parsing 'GSUB' table...
Compiling "/home/travis/build/fontdirectory/vesperlibre/builds/build/sources/VesperDevanagariLibre-Regular.ttx" to "/home/travis/build/fontdirectory/vesperlibre/builds/build/VesperDevanagariLibre-Regular.ttf"...
Parsing 'GlyphOrder' table...
Parsing 'head' table...
Parsing 'hhea' table...
Parsing 'maxp' table...
Parsing 'OS/2' table...
Parsing 'hmtx' table...
Parsing 'cmap' table...
Parsing 'loca' table...
Parsing 'glyf' table...
Parsing 'name' table...
Parsing 'post' table...
Parsing 'gasp' table...
Parsing 'GDEF' table...
Parsing 'GPOS' table...
Parsing 'GSUB' table...
Compiling "/home/travis/build/fontdirectory/vesperlibre/builds/build/sources/VesperDevanagariLibre-Medium.ttx" to "/home/travis/build/fontdirectory/vesperlibre/builds/build/VesperDevanagariLibre-Medium.ttf"...
Parsing 'GlyphOrder' table...
Parsing 'head' table...
Parsing 'hhea' table...
Parsing 'maxp' table...
Parsing 'OS/2' table...
Parsing 'hmtx' table...
Parsing 'cmap' table...
Parsing 'loca' table...
Parsing 'glyf' table...
Parsing 'name' table...
Parsing 'post' table...
Parsing 'gasp' table...
Parsing 'GDEF' table...
Parsing 'GPOS' table...
Parsing 'GSUB' table...
Compiling "/home/travis/build/fontdirectory/vesperlibre/builds/build/sources/VesperDevanagariLibre-Heavy.ttx" to "/home/travis/build/fontdirectory/vesperlibre/builds/build/VesperDevanagariLibre-Heavy.ttf"...
Parsing 'GlyphOrder' table...
Parsing 'head' table...
Parsing 'hhea' table...
Parsing 'maxp' table...
Parsing 'OS/2' table...
Parsing 'hmtx' table...
Parsing 'cmap' table...
Parsing 'loca' table...
Parsing 'glyf' table...
Parsing 'name' table...
Parsing 'post' table...
Parsing 'gasp' table...
Parsing 'GDEF' table...
Parsing 'GPOS' table...
Parsing 'GSUB' table...
### Test VesperDevanagariLibre-Bold.ttf
$ fontbakery-check.py result VesperDevanagariLibre-Bold.ttf
bakery_lint.tests.downstream.test_check_font_agreements.CheckFsTypeIsNotSet.test_is_fstype_not_set(): OK
$ fontbakery-fix-fstype.py --autofix /home/travis/build/fontdirectory/vesperlibre/builds/build/VesperDevanagariLibre-Bold.ttf
$ mv /home/travis/build/fontdirectory/vesperlibre/builds/build/VesperDevanagariLibre-Bold.ttf.fix /home/travis/build/fontdirectory/vesperlibre/builds/build/VesperDevanagariLibre-Bold.ttf
bakery_lint.tests.downstream.test_check_font_agreements.CheckFontAgreements.test_em_is_1000(): FAIL
bakery_lint.tests.downstream.test_check_font_agreements.CheckFontAgreements.test_font_is_font(): OK
bakery_lint.tests.downstream.test_check_font_agreements.CheckFontAgreements.test_latin_file_exists(): FAIL
bakery_lint.tests.downstream.test_check_font_agreements.CheckFontAgreements.test_menu_file_exists(): FAIL
bakery_lint.tests.downstream.test_check_unencoded_glyph.TestFontUnencodedGlyph.test_font_unencoded_glyphs(): FAIL
$ fontbakery-fix-glyph-private-encoding.py --autofix /home/travis/build/fontdirectory/vesperlibre/builds/build/VesperDevanagariLibre-Bold.ttf
$ mv /home/travis/build/fontdirectory/vesperlibre/builds/build/VesperDevanagariLibre-Bold.ttf.fix /home/travis/build/fontdirectory/vesperlibre/builds/build/VesperDevanagariLibre-Bold.ttf
bakery_lint.tests.downstream.test_check_unencoded_glyph.TestFontUnencodedGlyph.test_font_unencoded_glyphs(): FAIL
bakery_lint.tests.downstream.test_check_name_table_recommendation.CheckStyleNameRecommendation.test_check_stylename_is_under_recommendations(): OK
bakery_lint.tests.downstream.test_check_name_table_recommendation.CheckOTFamilyNameRecommendation.test_check_opentype_familyname(): FAIL
$ fontbakery-fix-opentype-names.py /home/travis/build/fontdirectory/vesperlibre/builds/build/VesperDevanagariLibre-Bold.ttf
$ mv /home/travis/build/fontdirectory/vesperlibre/builds/build/VesperDevanagariLibre-Bold.ttf.fix /home/travis/build/fontdirectory/vesperlibre/builds/build/VesperDevanagariLibre-Bold.ttf
bakery_lint.tests.downstream.test_check_name_table_recommendation.CheckOTFamilyNameRecommendation.test_check_opentype_familyname(): OK
bakery_lint.tests.downstream.test_check_name_table_recommendation.CheckOTStyleNameRecommendation.test_check_opentype_stylename(): OK
bakery_lint.tests.downstream.test_check_name_table_recommendation.CheckOTFullNameRecommendation.test_check_opentype_fullname(): OK
bakery_lint.tests.downstream.test_check_upm_heights_less_120.TestCheckUPMHeightsLess120.test_check_upm_heigths_less_120(): FAIL
bakery_lint.tests.downstream.test_check_vertical_metrics.CheckVerticalLinegapMetrics.test_metrics_linegaps_are_zero(): OK
bakery_lint.tests.downstream.test_check_vertical_metrics.CheckVerticalAscentMetrics.test_metrics_ascents_equal_bbox(): OK
bakery_lint.tests.downstream.test_check_vertical_metrics.CheckVerticalDescentMetrics.test_metrics_descents_equal_bbox(): OK
bakery_lint.tests.downstream.test_check_magic_prep_code.CheckMagicPREPByteCode.test_prep_magic_code(): FAIL
bakery_lint.tests.downstream.test_check_glyf_table_length.CheckGlyfTableLength.test_check_glyf_table_length(): FAIL
bakery_lint.tests.downstream.test_check_nbsp_width_matches_sp_width.CheckNbspWidthMatchesSpWidth.test_check_nbsp_width_matches_sp_width(): OK
bakery_lint.tests.downstream.test_fontforge_validation_state.FontForgeValidateStateTest.test_allowed_numbers_paths_in_composite_glyphs(): OK
bakery_lint.tests.downstream.test_fontforge_validation_state.FontForgeValidateStateTest.test_allowed_numbers_paths_in_glyphs(): OK
bakery_lint.tests.downstream.test_fontforge_validation_state.FontForgeValidateStateTest.test_allowed_numbers_points_in_composite_glyphs(): OK
bakery_lint.tests.downstream.test_fontforge_validation_state.FontForgeValidateStateTest.test_allowed_numbers_points_in_glyphs(): OK
bakery_lint.tests.downstream.test_fontforge_validation_state.FontForgeValidateStateTest.test_duplicate_glyphs(): OK
bakery_lint.tests.downstream.test_fontforge_validation_state.FontForgeValidateStateTest.test_duplicate_unicode_codepoints(): OK
bakery_lint.tests.downstream.test_fontforge_validation_state.FontForgeValidateStateTest.test_flipped_reference_in_glyphs(): OK
bakery_lint.tests.downstream.test_fontforge_validation_state.FontForgeValidateStateTest.test_missing_anchors(): OK
bakery_lint.tests.downstream.test_fontforge_validation_state.FontForgeValidateStateTest.test_missing_extrema_in_glyphs(): FAIL
bakery_lint.tests.downstream.test_fontforge_validation_state.FontForgeValidateStateTest.test_overlapped_hints(): OK
bakery_lint.tests.downstream.test_fontforge_validation_state.FontForgeValidateStateTest.test_points_are_integer_aligned(): OK
bakery_lint.tests.downstream.test_fontforge_validation_state.FontForgeValidateStateTest.test_points_are_not_too_far_apart(): OK
bakery_lint.tests.downstream.test_fontforge_validation_state.FontForgeValidateStateTest.test_postscript_hasnt_limit_hints_in_glyphs(): OK
bakery_lint.tests.downstream.test_fontforge_validation_state.FontForgeValidateStateTest.test_postscript_hasnt_limit_points_in_glyphs(): OK
bakery_lint.tests.downstream.test_fontforge_validation_state.FontForgeValidateStateTest.test_referenced_glyphs_are_present(): OK
bakery_lint.tests.downstream.test_fontforge_validation_state.FontForgeValidateStateTest.test_valid_glyph_names(): OK
bakery_lint.tests.downstream.test_fontforge_validation_state.FontForgeValidateStateTest.test_valid_length_instructions(): OK
bakery_lint.tests.downstream.test_fontforge_validation_state.FontForgeValidateStateTest.test_validation_glyph_intersect(): FAIL
bakery_lint.tests.downstream.test_fontforge_validation_state.FontForgeValidateStateTest.test_validation_open_contours(): OK
bakery_lint.tests.downstream.test_fontforge_validation_state.FontForgeValidateStateTest.test_wrong_direction_in_glyphs(): FAIL
bakery_lint.tests.downstream.test_gpos_table_has_kerning_info.CheckGposTableHasKerningInfo.test_gpos_table_has_kerning_info(): OK
bakery_lint.tests.downstream.test_check_font_tables.CheckFontHasDsigTable.test_check_font_has_dsig_table(): FAIL
$ fontbakery-fix-dsig.py /home/travis/build/fontdirectory/vesperlibre/builds/build/VesperDevanagariLibre-Bold.ttf
$ mv /home/travis/build/fontdirectory/vesperlibre/builds/build/VesperDevanagariLibre-Bold.ttf.fix /home/travis/build/fontdirectory/vesperlibre/builds/build/VesperDevanagariLibre-Bold.ttf
bakery_lint.tests.downstream.test_check_font_tables.CheckFontHasDsigTable.test_check_font_has_dsig_table(): OK
bakery_lint.tests.downstream.test_check_font_tables.CheckFontHasNotKernTable.test_no_kern_table_exists(): OK
bakery_lint.tests.downstream.test_check_license_included.CheckLicenseIncluded.test_license_included_in_font_names(): OK
bakery_lint.tests.downstream.test_check_no_problematic_formats.CheckNoProblematicFormats.test_check_no_problematic_formats(): OK
bakery_lint.tests.downstream.test_check_full_font_name_begins_with_family_name.CheckFullFontNameBeginsWithFamilyName.test_check_full_font_name_begins_with_family_name(): OK
bakery_lint.tests.downstream.test_check_unused_glyph_data.CheckUnusedGlyphData.test_check_unused_glyph_data(): ERROR
bakery_lint.tests.downstream.test_check_panose_identification.CheckPanoseIdentification.test_check_panose_identification(): OK
bakery_lint.tests.downstream.test_check_names_same_across_platforms.CheckNamesSameAcrossPlatforms.test_check_names_same_across_platforms(): OK
bakery_lint.tests.downstream.test_check_glyph_existence.CheckGlyphExistence.test_euro(): OK
bakery_lint.tests.downstream.test_check_glyph_existence.CheckGlyphExistence.test_nbsp(): OK
bakery_lint.tests.downstream.test_check_glyph_existence.CheckGlyphExistence.test_space(): OK
bakery_lint.tests.downstream.test_gasp_table_value.CheckGaspTableType.test_check_gasp_table_type(): OK
$ fontbakery-fix-gasp.py --set=15 /home/travis/build/fontdirectory/vesperlibre/builds/build/VesperDevanagariLibre-Bold.ttf
$ mv /home/travis/build/fontdirectory/vesperlibre/builds/build/VesperDevanagariLibre-Bold.ttf.fix /home/travis/build/fontdirectory/vesperlibre/builds/build/VesperDevanagariLibre-Bold.ttf
bakery_lint.tests.downstream.test_names_are_ascii_only.CheckNamesAreASCIIOnly.test_check_names_are_ascii_only(): OK
bakery_lint.tests.downstream.test_check_os2_width_class.CheckOS2WidthClass.test_check_os2_width_class(): OK
bakery_lint.tests.downstream.test_check_fontname_matches_macstyle.CheckFontNameEqualToMacStyleFlags.test_fontname_is_equal_to_macstyle(): FAIL
bakery_lint.tests.downstream.test_check_italic_angle_agreement.CheckItalicAngleAgreement.test_check_italic_angle_agreement(): OK
bakery_lint.tests.downstream.test_check_hmtx_hhea_max_advance_width_agreement.CheckHmtxHheaMaxAdvanceWidthAgreement.test_check_hmtx_hhea_max_advance_width_agreement(): OK
### Optimize TTF VesperDevanagariLibre-Bold.ttf
$ ls -l 'VesperDevanagariLibre-Bold.ttf'* # look at the size savings of that subset process
VesperDevanagariLibre-Bold.ttf.opt: 156636 bytes
VesperDevanagariLibre-Bold.ttf: 167020 bytes
$ mv /home/travis/build/fontdirectory/vesperlibre/builds/build/VesperDevanagariLibre-Bold.ttf.opt /home/travis/build/fontdirectory/vesperlibre/builds/build/VesperDevanagariLibre-Bold.ttf
### Autohint TTFs (ttfautohint) VesperDevanagariLibre-Bold.ttf
$ ttfautohint -l 7 -r 28 -G 50 -x 13 -w "G" /home/travis/build/fontdirectory/vesperlibre/builds/build/VesperDevanagariLibre-Bold.ttf '/home/travis/build/fontdirectory/vesperlibre/builds/build/VesperDevanagariLibre-Bold.autohint.ttf'

$ ls -l /home/travis/build/fontdirectory/vesperlibre/builds/build/VesperDevanagariLibre-Bold.*ttf # look at the size savings of that subset process
/home/travis/build/fontdirectory/vesperlibre/builds/build/VesperDevanagariLibre-Bold.ttf: 156636 bytes
/home/travis/build/fontdirectory/vesperlibre/builds/build/VesperDevanagariLibre-Bold.autohint.ttf: 225904 bytes
$ mv /home/travis/build/fontdirectory/vesperlibre/builds/build/VesperDevanagariLibre-Bold.autohint.ttf /home/travis/build/fontdirectory/vesperlibre/builds/build/VesperDevanagariLibre-Bold.ttf
### Subset TTFs (pyftsubset) VesperDevanagariLibre-Bold.ttf
$ pyftsubset VesperDevanagariLibre-Bold.latin
$ pyftsubset VesperDevanagariLibre-Bold.menu
strippedname:/home/travis/build/fontdirectory/vesperlibre/builds/build/VesperDevanagariLibre-Bold.ttf
### Test VesperDevanagariLibre-Regular.ttf
$ fontbakery-check.py result VesperDevanagariLibre-Regular.ttf
bakery_lint.tests.downstream.test_check_font_agreements.CheckFsTypeIsNotSet.test_is_fstype_not_set(): OK
$ fontbakery-fix-fstype.py --autofix /home/travis/build/fontdirectory/vesperlibre/builds/build/VesperDevanagariLibre-Regular.ttf
$ mv /home/travis/build/fontdirectory/vesperlibre/builds/build/VesperDevanagariLibre-Regular.ttf.fix /home/travis/build/fontdirectory/vesperlibre/builds/build/VesperDevanagariLibre-Regular.ttf
bakery_lint.tests.downstream.test_check_font_agreements.CheckFontAgreements.test_em_is_1000(): FAIL
bakery_lint.tests.downstream.test_check_font_agreements.CheckFontAgreements.test_font_is_font(): OK
bakery_lint.tests.downstream.test_check_font_agreements.CheckFontAgreements.test_latin_file_exists(): FAIL
bakery_lint.tests.downstream.test_check_font_agreements.CheckFontAgreements.test_menu_file_exists(): FAIL
bakery_lint.tests.downstream.test_check_unencoded_glyph.TestFontUnencodedGlyph.test_font_unencoded_glyphs(): FAIL
$ fontbakery-fix-glyph-private-encoding.py --autofix /home/travis/build/fontdirectory/vesperlibre/builds/build/VesperDevanagariLibre-Regular.ttf
$ mv /home/travis/build/fontdirectory/vesperlibre/builds/build/VesperDevanagariLibre-Regular.ttf.fix /home/travis/build/fontdirectory/vesperlibre/builds/build/VesperDevanagariLibre-Regular.ttf
bakery_lint.tests.downstream.test_check_unencoded_glyph.TestFontUnencodedGlyph.test_font_unencoded_glyphs(): FAIL
bakery_lint.tests.downstream.test_check_name_table_recommendation.CheckStyleNameRecommendation.test_check_stylename_is_under_recommendations(): OK
bakery_lint.tests.downstream.test_check_name_table_recommendation.CheckOTFamilyNameRecommendation.test_check_opentype_familyname(): FAIL
$ fontbakery-fix-opentype-names.py /home/travis/build/fontdirectory/vesperlibre/builds/build/VesperDevanagariLibre-Regular.ttf
$ mv /home/travis/build/fontdirectory/vesperlibre/builds/build/VesperDevanagariLibre-Regular.ttf.fix /home/travis/build/fontdirectory/vesperlibre/builds/build/VesperDevanagariLibre-Regular.ttf
bakery_lint.tests.downstream.test_check_name_table_recommendation.CheckOTFamilyNameRecommendation.test_check_opentype_familyname(): OK
bakery_lint.tests.downstream.test_check_name_table_recommendation.CheckOTStyleNameRecommendation.test_check_opentype_stylename(): OK
bakery_lint.tests.downstream.test_check_name_table_recommendation.CheckOTFullNameRecommendation.test_check_opentype_fullname(): OK
bakery_lint.tests.downstream.test_check_upm_heights_less_120.TestCheckUPMHeightsLess120.test_check_upm_heigths_less_120(): FAIL
bakery_lint.tests.downstream.test_check_vertical_metrics.CheckVerticalLinegapMetrics.test_metrics_linegaps_are_zero(): OK
bakery_lint.tests.downstream.test_check_vertical_metrics.CheckVerticalAscentMetrics.test_metrics_ascents_equal_bbox(): OK
bakery_lint.tests.downstream.test_check_vertical_metrics.CheckVerticalDescentMetrics.test_metrics_descents_equal_bbox(): OK
bakery_lint.tests.downstream.test_check_magic_prep_code.CheckMagicPREPByteCode.test_prep_magic_code(): FAIL
bakery_lint.tests.downstream.test_check_glyf_table_length.CheckGlyfTableLength.test_check_glyf_table_length(): FAIL
bakery_lint.tests.downstream.test_check_nbsp_width_matches_sp_width.CheckNbspWidthMatchesSpWidth.test_check_nbsp_width_matches_sp_width(): OK
bakery_lint.tests.downstream.test_fontforge_validation_state.FontForgeValidateStateTest.test_allowed_numbers_paths_in_composite_glyphs(): OK
bakery_lint.tests.downstream.test_fontforge_validation_state.FontForgeValidateStateTest.test_allowed_numbers_paths_in_glyphs(): OK
bakery_lint.tests.downstream.test_fontforge_validation_state.FontForgeValidateStateTest.test_allowed_numbers_points_in_composite_glyphs(): OK
bakery_lint.tests.downstream.test_fontforge_validation_state.FontForgeValidateStateTest.test_allowed_numbers_points_in_glyphs(): OK
bakery_lint.tests.downstream.test_fontforge_validation_state.FontForgeValidateStateTest.test_duplicate_glyphs(): OK
bakery_lint.tests.downstream.test_fontforge_validation_state.FontForgeValidateStateTest.test_duplicate_unicode_codepoints(): OK
bakery_lint.tests.downstream.test_fontforge_validation_state.FontForgeValidateStateTest.test_flipped_reference_in_glyphs(): OK
bakery_lint.tests.downstream.test_fontforge_validation_state.FontForgeValidateStateTest.test_missing_anchors(): OK
bakery_lint.tests.downstream.test_fontforge_validation_state.FontForgeValidateStateTest.test_missing_extrema_in_glyphs(): FAIL
bakery_lint.tests.downstream.test_fontforge_validation_state.FontForgeValidateStateTest.test_overlapped_hints(): OK
bakery_lint.tests.downstream.test_fontforge_validation_state.FontForgeValidateStateTest.test_points_are_integer_aligned(): OK
bakery_lint.tests.downstream.test_fontforge_validation_state.FontForgeValidateStateTest.test_points_are_not_too_far_apart(): OK
bakery_lint.tests.downstream.test_fontforge_validation_state.FontForgeValidateStateTest.test_postscript_hasnt_limit_hints_in_glyphs(): OK
bakery_lint.tests.downstream.test_fontforge_validation_state.FontForgeValidateStateTest.test_postscript_hasnt_limit_points_in_glyphs(): OK
bakery_lint.tests.downstream.test_fontforge_validation_state.FontForgeValidateStateTest.test_referenced_glyphs_are_present(): OK
bakery_lint.tests.downstream.test_fontforge_validation_state.FontForgeValidateStateTest.test_valid_glyph_names(): OK
bakery_lint.tests.downstream.test_fontforge_validation_state.FontForgeValidateStateTest.test_valid_length_instructions(): OK
bakery_lint.tests.downstream.test_fontforge_validation_state.FontForgeValidateStateTest.test_validation_glyph_intersect(): FAIL
bakery_lint.tests.downstream.test_fontforge_validation_state.FontForgeValidateStateTest.test_validation_open_contours(): OK
bakery_lint.tests.downstream.test_fontforge_validation_state.FontForgeValidateStateTest.test_wrong_direction_in_glyphs(): FAIL
bakery_lint.tests.downstream.test_gpos_table_has_kerning_info.CheckGposTableHasKerningInfo.test_gpos_table_has_kerning_info(): OK
bakery_lint.tests.downstream.test_check_font_tables.CheckFontHasDsigTable.test_check_font_has_dsig_table(): FAIL
$ fontbakery-fix-dsig.py /home/travis/build/fontdirectory/vesperlibre/builds/build/VesperDevanagariLibre-Regular.ttf
$ mv /home/travis/build/fontdirectory/vesperlibre/builds/build/VesperDevanagariLibre-Regular.ttf.fix /home/travis/build/fontdirectory/vesperlibre/builds/build/VesperDevanagariLibre-Regular.ttf
bakery_lint.tests.downstream.test_check_font_tables.CheckFontHasDsigTable.test_check_font_has_dsig_table(): OK
bakery_lint.tests.downstream.test_check_font_tables.CheckFontHasNotKernTable.test_no_kern_table_exists(): OK
bakery_lint.tests.downstream.test_check_license_included.CheckLicenseIncluded.test_license_included_in_font_names(): OK
bakery_lint.tests.downstream.test_check_no_problematic_formats.CheckNoProblematicFormats.test_check_no_problematic_formats(): OK
bakery_lint.tests.downstream.test_check_full_font_name_begins_with_family_name.CheckFullFontNameBeginsWithFamilyName.test_check_full_font_name_begins_with_family_name(): OK
bakery_lint.tests.downstream.test_check_unused_glyph_data.CheckUnusedGlyphData.test_check_unused_glyph_data(): ERROR
bakery_lint.tests.downstream.test_check_panose_identification.CheckPanoseIdentification.test_check_panose_identification(): OK
bakery_lint.tests.downstream.test_check_names_same_across_platforms.CheckNamesSameAcrossPlatforms.test_check_names_same_across_platforms(): OK
bakery_lint.tests.downstream.test_check_glyph_existence.CheckGlyphExistence.test_euro(): OK
bakery_lint.tests.downstream.test_check_glyph_existence.CheckGlyphExistence.test_nbsp(): OK
bakery_lint.tests.downstream.test_check_glyph_existence.CheckGlyphExistence.test_space(): OK
bakery_lint.tests.downstream.test_gasp_table_value.CheckGaspTableType.test_check_gasp_table_type(): OK
$ fontbakery-fix-gasp.py --set=15 /home/travis/build/fontdirectory/vesperlibre/builds/build/VesperDevanagariLibre-Regular.ttf
$ mv /home/travis/build/fontdirectory/vesperlibre/builds/build/VesperDevanagariLibre-Regular.ttf.fix /home/travis/build/fontdirectory/vesperlibre/builds/build/VesperDevanagariLibre-Regular.ttf
bakery_lint.tests.downstream.test_names_are_ascii_only.CheckNamesAreASCIIOnly.test_check_names_are_ascii_only(): OK
bakery_lint.tests.downstream.test_check_os2_width_class.CheckOS2WidthClass.test_check_os2_width_class(): OK
bakery_lint.tests.downstream.test_check_fontname_matches_macstyle.CheckFontNameEqualToMacStyleFlags.test_fontname_is_equal_to_macstyle(): FAIL
bakery_lint.tests.downstream.test_check_italic_angle_agreement.CheckItalicAngleAgreement.test_check_italic_angle_agreement(): OK
bakery_lint.tests.downstream.test_check_hmtx_hhea_max_advance_width_agreement.CheckHmtxHheaMaxAdvanceWidthAgreement.test_check_hmtx_hhea_max_advance_width_agreement(): OK
### Optimize TTF VesperDevanagariLibre-Regular.ttf
$ ls -l 'VesperDevanagariLibre-Regular.ttf'* # look at the size savings of that subset process
VesperDevanagariLibre-Regular.ttf.opt: 156716 bytes
VesperDevanagariLibre-Regular.ttf: 167076 bytes
$ mv /home/travis/build/fontdirectory/vesperlibre/builds/build/VesperDevanagariLibre-Regular.ttf.opt /home/travis/build/fontdirectory/vesperlibre/builds/build/VesperDevanagariLibre-Regular.ttf
### Autohint TTFs (ttfautohint) VesperDevanagariLibre-Regular.ttf
$ ttfautohint -l 7 -r 28 -G 50 -x 13 -w "G" /home/travis/build/fontdirectory/vesperlibre/builds/build/VesperDevanagariLibre-Regular.ttf '/home/travis/build/fontdirectory/vesperlibre/builds/build/VesperDevanagariLibre-Regular.autohint.ttf'

$ ls -l /home/travis/build/fontdirectory/vesperlibre/builds/build/VesperDevanagariLibre-Regular.*ttf # look at the size savings of that subset process
/home/travis/build/fontdirectory/vesperlibre/builds/build/VesperDevanagariLibre-Regular.ttf: 156716 bytes
/home/travis/build/fontdirectory/vesperlibre/builds/build/VesperDevanagariLibre-Regular.autohint.ttf: 222912 bytes
$ mv /home/travis/build/fontdirectory/vesperlibre/builds/build/VesperDevanagariLibre-Regular.autohint.ttf /home/travis/build/fontdirectory/vesperlibre/builds/build/VesperDevanagariLibre-Regular.ttf
### Subset TTFs (pyftsubset) VesperDevanagariLibre-Regular.ttf
$ pyftsubset VesperDevanagariLibre-Regular.latin
$ pyftsubset VesperDevanagariLibre-Regular.menu
strippedname:/home/travis/build/fontdirectory/vesperlibre/builds/build/VesperDevanagariLibre-Regular.ttf
### Test VesperDevanagariLibre-Medium.ttf
$ fontbakery-check.py result VesperDevanagariLibre-Medium.ttf
bakery_lint.tests.downstream.test_check_font_agreements.CheckFsTypeIsNotSet.test_is_fstype_not_set(): OK
$ fontbakery-fix-fstype.py --autofix /home/travis/build/fontdirectory/vesperlibre/builds/build/VesperDevanagariLibre-Medium.ttf
$ mv /home/travis/build/fontdirectory/vesperlibre/builds/build/VesperDevanagariLibre-Medium.ttf.fix /home/travis/build/fontdirectory/vesperlibre/builds/build/VesperDevanagariLibre-Medium.ttf
bakery_lint.tests.downstream.test_check_font_agreements.CheckFontAgreements.test_em_is_1000(): FAIL
bakery_lint.tests.downstream.test_check_font_agreements.CheckFontAgreements.test_font_is_font(): OK
bakery_lint.tests.downstream.test_check_font_agreements.CheckFontAgreements.test_latin_file_exists(): FAIL
bakery_lint.tests.downstream.test_check_font_agreements.CheckFontAgreements.test_menu_file_exists(): FAIL
bakery_lint.tests.downstream.test_check_unencoded_glyph.TestFontUnencodedGlyph.test_font_unencoded_glyphs(): FAIL
$ fontbakery-fix-glyph-private-encoding.py --autofix /home/travis/build/fontdirectory/vesperlibre/builds/build/VesperDevanagariLibre-Medium.ttf
$ mv /home/travis/build/fontdirectory/vesperlibre/builds/build/VesperDevanagariLibre-Medium.ttf.fix /home/travis/build/fontdirectory/vesperlibre/builds/build/VesperDevanagariLibre-Medium.ttf
bakery_lint.tests.downstream.test_check_unencoded_glyph.TestFontUnencodedGlyph.test_font_unencoded_glyphs(): FAIL
bakery_lint.tests.downstream.test_check_name_table_recommendation.CheckStyleNameRecommendation.test_check_stylename_is_under_recommendations(): FAIL
$ fontbakery-fix-opentype-names.py /home/travis/build/fontdirectory/vesperlibre/builds/build/VesperDevanagariLibre-Medium.ttf
$ mv /home/travis/build/fontdirectory/vesperlibre/builds/build/VesperDevanagariLibre-Medium.ttf.fix /home/travis/build/fontdirectory/vesperlibre/builds/build/VesperDevanagariLibre-Medium.ttf
bakery_lint.tests.downstream.test_check_name_table_recommendation.CheckStyleNameRecommendation.test_check_stylename_is_under_recommendations(): FAIL
bakery_lint.tests.downstream.test_check_name_table_recommendation.CheckOTFamilyNameRecommendation.test_check_opentype_familyname(): OK
bakery_lint.tests.downstream.test_check_name_table_recommendation.CheckOTStyleNameRecommendation.test_check_opentype_stylename(): FAIL
$ fontbakery-fix-opentype-names.py /home/travis/build/fontdirectory/vesperlibre/builds/build/VesperDevanagariLibre-Medium.ttf
$ mv /home/travis/build/fontdirectory/vesperlibre/builds/build/VesperDevanagariLibre-Medium.ttf.fix /home/travis/build/fontdirectory/vesperlibre/builds/build/VesperDevanagariLibre-Medium.ttf
bakery_lint.tests.downstream.test_check_name_table_recommendation.CheckOTStyleNameRecommendation.test_check_opentype_stylename(): FAIL
bakery_lint.tests.downstream.test_check_name_table_recommendation.CheckOTFullNameRecommendation.test_check_opentype_fullname(): OK
bakery_lint.tests.downstream.test_check_upm_heights_less_120.TestCheckUPMHeightsLess120.test_check_upm_heigths_less_120(): FAIL
bakery_lint.tests.downstream.test_check_vertical_metrics.CheckVerticalLinegapMetrics.test_metrics_linegaps_are_zero(): OK
bakery_lint.tests.downstream.test_check_vertical_metrics.CheckVerticalAscentMetrics.test_metrics_ascents_equal_bbox(): OK
bakery_lint.tests.downstream.test_check_vertical_metrics.CheckVerticalDescentMetrics.test_metrics_descents_equal_bbox(): OK
bakery_lint.tests.downstream.test_check_magic_prep_code.CheckMagicPREPByteCode.test_prep_magic_code(): FAIL
bakery_lint.tests.downstream.test_check_glyf_table_length.CheckGlyfTableLength.test_check_glyf_table_length(): FAIL
bakery_lint.tests.downstream.test_check_nbsp_width_matches_sp_width.CheckNbspWidthMatchesSpWidth.test_check_nbsp_width_matches_sp_width(): OK
Warning: Mac string is a subset of the Windows string in the 'name' table
 for the Family string in the English (US) language.
Warning: Mac and Windows entries in the 'name' table differ for the
 SubFamily string in the language English (US)
 Mac String: Medium
Windows String: Regular
Warning: Mac and Windows entries in the 'name' table differ for the
 Preferred Styles string in the language English (US)
 Mac String: Medium
Windows String: Regular
bakery_lint.tests.downstream.test_fontforge_validation_state.FontForgeValidateStateTest.test_allowed_numbers_paths_in_composite_glyphs(): OK
bakery_lint.tests.downstream.test_fontforge_validation_state.FontForgeValidateStateTest.test_allowed_numbers_paths_in_glyphs(): OK
bakery_lint.tests.downstream.test_fontforge_validation_state.FontForgeValidateStateTest.test_allowed_numbers_points_in_composite_glyphs(): OK
bakery_lint.tests.downstream.test_fontforge_validation_state.FontForgeValidateStateTest.test_allowed_numbers_points_in_glyphs(): OK
bakery_lint.tests.downstream.test_fontforge_validation_state.FontForgeValidateStateTest.test_duplicate_glyphs(): OK
bakery_lint.tests.downstream.test_fontforge_validation_state.FontForgeValidateStateTest.test_duplicate_unicode_codepoints(): OK
bakery_lint.tests.downstream.test_fontforge_validation_state.FontForgeValidateStateTest.test_flipped_reference_in_glyphs(): OK
bakery_lint.tests.downstream.test_fontforge_validation_state.FontForgeValidateStateTest.test_missing_anchors(): OK
bakery_lint.tests.downstream.test_fontforge_validation_state.FontForgeValidateStateTest.test_missing_extrema_in_glyphs(): FAIL
bakery_lint.tests.downstream.test_fontforge_validation_state.FontForgeValidateStateTest.test_overlapped_hints(): OK
bakery_lint.tests.downstream.test_fontforge_validation_state.FontForgeValidateStateTest.test_points_are_integer_aligned(): OK
bakery_lint.tests.downstream.test_fontforge_validation_state.FontForgeValidateStateTest.test_points_are_not_too_far_apart(): OK
bakery_lint.tests.downstream.test_fontforge_validation_state.FontForgeValidateStateTest.test_postscript_hasnt_limit_hints_in_glyphs(): OK
bakery_lint.tests.downstream.test_fontforge_validation_state.FontForgeValidateStateTest.test_postscript_hasnt_limit_points_in_glyphs(): OK
bakery_lint.tests.downstream.test_fontforge_validation_state.FontForgeValidateStateTest.test_referenced_glyphs_are_present(): OK
bakery_lint.tests.downstream.test_fontforge_validation_state.FontForgeValidateStateTest.test_valid_glyph_names(): OK
bakery_lint.tests.downstream.test_fontforge_validation_state.FontForgeValidateStateTest.test_valid_length_instructions(): OK
bakery_lint.tests.downstream.test_fontforge_validation_state.FontForgeValidateStateTest.test_validation_glyph_intersect(): FAIL
bakery_lint.tests.downstream.test_fontforge_validation_state.FontForgeValidateStateTest.test_validation_open_contours(): OK
bakery_lint.tests.downstream.test_fontforge_validation_state.FontForgeValidateStateTest.test_wrong_direction_in_glyphs(): FAIL
bakery_lint.tests.downstream.test_gpos_table_has_kerning_info.CheckGposTableHasKerningInfo.test_gpos_table_has_kerning_info(): OK
bakery_lint.tests.downstream.test_check_font_tables.CheckFontHasDsigTable.test_check_font_has_dsig_table(): FAIL
$ fontbakery-fix-dsig.py /home/travis/build/fontdirectory/vesperlibre/builds/build/VesperDevanagariLibre-Medium.ttf
$ mv /home/travis/build/fontdirectory/vesperlibre/builds/build/VesperDevanagariLibre-Medium.ttf.fix /home/travis/build/fontdirectory/vesperlibre/builds/build/VesperDevanagariLibre-Medium.ttf
bakery_lint.tests.downstream.test_check_font_tables.CheckFontHasDsigTable.test_check_font_has_dsig_table(): OK
bakery_lint.tests.downstream.test_check_font_tables.CheckFontHasNotKernTable.test_no_kern_table_exists(): OK
bakery_lint.tests.downstream.test_check_license_included.CheckLicenseIncluded.test_license_included_in_font_names(): OK
bakery_lint.tests.downstream.test_check_no_problematic_formats.CheckNoProblematicFormats.test_check_no_problematic_formats(): OK
bakery_lint.tests.downstream.test_check_full_font_name_begins_with_family_name.CheckFullFontNameBeginsWithFamilyName.test_check_full_font_name_begins_with_family_name(): OK
bakery_lint.tests.downstream.test_check_unused_glyph_data.CheckUnusedGlyphData.test_check_unused_glyph_data(): ERROR
bakery_lint.tests.downstream.test_check_panose_identification.CheckPanoseIdentification.test_check_panose_identification(): OK
bakery_lint.tests.downstream.test_check_names_same_across_platforms.CheckNamesSameAcrossPlatforms.test_check_names_same_across_platforms(): FAIL
bakery_lint.tests.downstream.test_check_glyph_existence.CheckGlyphExistence.test_euro(): OK
bakery_lint.tests.downstream.test_check_glyph_existence.CheckGlyphExistence.test_nbsp(): OK
bakery_lint.tests.downstream.test_check_glyph_existence.CheckGlyphExistence.test_space(): OK
bakery_lint.tests.downstream.test_gasp_table_value.CheckGaspTableType.test_check_gasp_table_type(): OK
$ fontbakery-fix-gasp.py --set=15 /home/travis/build/fontdirectory/vesperlibre/builds/build/VesperDevanagariLibre-Medium.ttf
$ mv /home/travis/build/fontdirectory/vesperlibre/builds/build/VesperDevanagariLibre-Medium.ttf.fix /home/travis/build/fontdirectory/vesperlibre/builds/build/VesperDevanagariLibre-Medium.ttf
bakery_lint.tests.downstream.test_names_are_ascii_only.CheckNamesAreASCIIOnly.test_check_names_are_ascii_only(): OK
bakery_lint.tests.downstream.test_check_os2_width_class.CheckOS2WidthClass.test_check_os2_width_class(): OK
bakery_lint.tests.downstream.test_check_fontname_matches_macstyle.CheckFontNameEqualToMacStyleFlags.test_fontname_is_equal_to_macstyle(): FAIL
bakery_lint.tests.downstream.test_check_italic_angle_agreement.CheckItalicAngleAgreement.test_check_italic_angle_agreement(): OK
bakery_lint.tests.downstream.test_check_hmtx_hhea_max_advance_width_agreement.CheckHmtxHheaMaxAdvanceWidthAgreement.test_check_hmtx_hhea_max_advance_width_agreement(): OK
### Optimize TTF VesperDevanagariLibre-Medium.ttf
$ ls -l 'VesperDevanagariLibre-Medium.ttf'* # look at the size savings of that subset process
VesperDevanagariLibre-Medium.ttf.opt: 157880 bytes
VesperDevanagariLibre-Medium.ttf: 168292 bytes
$ mv /home/travis/build/fontdirectory/vesperlibre/builds/build/VesperDevanagariLibre-Medium.ttf.opt /home/travis/build/fontdirectory/vesperlibre/builds/build/VesperDevanagariLibre-Medium.ttf
### Autohint TTFs (ttfautohint) VesperDevanagariLibre-Medium.ttf
$ ttfautohint -l 7 -r 28 -G 50 -x 13 -w "G" /home/travis/build/fontdirectory/vesperlibre/builds/build/VesperDevanagariLibre-Medium.ttf '/home/travis/build/fontdirectory/vesperlibre/builds/build/VesperDevanagariLibre-Medium.autohint.ttf'

$ ls -l /home/travis/build/fontdirectory/vesperlibre/builds/build/VesperDevanagariLibre-Medium.*ttf # look at the size savings of that subset process
/home/travis/build/fontdirectory/vesperlibre/builds/build/VesperDevanagariLibre-Medium.ttf: 157880 bytes
/home/travis/build/fontdirectory/vesperlibre/builds/build/VesperDevanagariLibre-Medium.autohint.ttf: 226208 bytes
$ mv /home/travis/build/fontdirectory/vesperlibre/builds/build/VesperDevanagariLibre-Medium.autohint.ttf /home/travis/build/fontdirectory/vesperlibre/builds/build/VesperDevanagariLibre-Medium.ttf
### Subset TTFs (pyftsubset) VesperDevanagariLibre-Medium.ttf
$ pyftsubset VesperDevanagariLibre-Medium.latin
$ pyftsubset VesperDevanagariLibre-Medium.menu
strippedname:/home/travis/build/fontdirectory/vesperlibre/builds/build/VesperDevanagariLibre-Medium.ttf
### Test VesperDevanagariLibre-Heavy.ttf
$ fontbakery-check.py result VesperDevanagariLibre-Heavy.ttf
bakery_lint.tests.downstream.test_check_font_agreements.CheckFsTypeIsNotSet.test_is_fstype_not_set(): OK
$ fontbakery-fix-fstype.py --autofix /home/travis/build/fontdirectory/vesperlibre/builds/build/VesperDevanagariLibre-Heavy.ttf
$ mv /home/travis/build/fontdirectory/vesperlibre/builds/build/VesperDevanagariLibre-Heavy.ttf.fix /home/travis/build/fontdirectory/vesperlibre/builds/build/VesperDevanagariLibre-Heavy.ttf
bakery_lint.tests.downstream.test_check_font_agreements.CheckFontAgreements.test_em_is_1000(): FAIL
bakery_lint.tests.downstream.test_check_font_agreements.CheckFontAgreements.test_font_is_font(): OK
bakery_lint.tests.downstream.test_check_font_agreements.CheckFontAgreements.test_latin_file_exists(): FAIL
bakery_lint.tests.downstream.test_check_font_agreements.CheckFontAgreements.test_menu_file_exists(): FAIL
bakery_lint.tests.downstream.test_check_unencoded_glyph.TestFontUnencodedGlyph.test_font_unencoded_glyphs(): FAIL
$ fontbakery-fix-glyph-private-encoding.py --autofix /home/travis/build/fontdirectory/vesperlibre/builds/build/VesperDevanagariLibre-Heavy.ttf
$ mv /home/travis/build/fontdirectory/vesperlibre/builds/build/VesperDevanagariLibre-Heavy.ttf.fix /home/travis/build/fontdirectory/vesperlibre/builds/build/VesperDevanagariLibre-Heavy.ttf
bakery_lint.tests.downstream.test_check_unencoded_glyph.TestFontUnencodedGlyph.test_font_unencoded_glyphs(): FAIL
bakery_lint.tests.downstream.test_check_name_table_recommendation.CheckStyleNameRecommendation.test_check_stylename_is_under_recommendations(): FAIL
$ fontbakery-fix-opentype-names.py /home/travis/build/fontdirectory/vesperlibre/builds/build/VesperDevanagariLibre-Heavy.ttf
$ mv /home/travis/build/fontdirectory/vesperlibre/builds/build/VesperDevanagariLibre-Heavy.ttf.fix /home/travis/build/fontdirectory/vesperlibre/builds/build/VesperDevanagariLibre-Heavy.ttf
bakery_lint.tests.downstream.test_check_name_table_recommendation.CheckStyleNameRecommendation.test_check_stylename_is_under_recommendations(): FAIL
bakery_lint.tests.downstream.test_check_name_table_recommendation.CheckOTFamilyNameRecommendation.test_check_opentype_familyname(): OK
bakery_lint.tests.downstream.test_check_name_table_recommendation.CheckOTStyleNameRecommendation.test_check_opentype_stylename(): FAIL
$ fontbakery-fix-opentype-names.py /home/travis/build/fontdirectory/vesperlibre/builds/build/VesperDevanagariLibre-Heavy.ttf
$ mv /home/travis/build/fontdirectory/vesperlibre/builds/build/VesperDevanagariLibre-Heavy.ttf.fix /home/travis/build/fontdirectory/vesperlibre/builds/build/VesperDevanagariLibre-Heavy.ttf
bakery_lint.tests.downstream.test_check_name_table_recommendation.CheckOTStyleNameRecommendation.test_check_opentype_stylename(): FAIL
bakery_lint.tests.downstream.test_check_name_table_recommendation.CheckOTFullNameRecommendation.test_check_opentype_fullname(): OK
bakery_lint.tests.downstream.test_check_upm_heights_less_120.TestCheckUPMHeightsLess120.test_check_upm_heigths_less_120(): FAIL
bakery_lint.tests.downstream.test_check_vertical_metrics.CheckVerticalLinegapMetrics.test_metrics_linegaps_are_zero(): OK
bakery_lint.tests.downstream.test_check_vertical_metrics.CheckVerticalAscentMetrics.test_metrics_ascents_equal_bbox(): OK
bakery_lint.tests.downstream.test_check_vertical_metrics.CheckVerticalDescentMetrics.test_metrics_descents_equal_bbox(): OK
bakery_lint.tests.downstream.test_check_magic_prep_code.CheckMagicPREPByteCode.test_prep_magic_code(): FAIL
bakery_lint.tests.downstream.test_check_glyf_table_length.CheckGlyfTableLength.test_check_glyf_table_length(): FAIL
bakery_lint.tests.downstream.test_check_nbsp_width_matches_sp_width.CheckNbspWidthMatchesSpWidth.test_check_nbsp_width_matches_sp_width(): OK
Warning: Mac string is a subset of the Windows string in the 'name' table
 for the Family string in the English (US) language.
Warning: Mac and Windows entries in the 'name' table differ for the
 SubFamily string in the language English (US)
 Mac String: Heavy
Windows String: Bold
Warning: Mac and Windows entries in the 'name' table differ for the
 Preferred Styles string in the language English (US)
 Mac String: Heavy
Windows String: Regular
bakery_lint.tests.downstream.test_fontforge_validation_state.FontForgeValidateStateTest.test_allowed_numbers_paths_in_composite_glyphs(): OK
bakery_lint.tests.downstream.test_fontforge_validation_state.FontForgeValidateStateTest.test_allowed_numbers_paths_in_glyphs(): OK
bakery_lint.tests.downstream.test_fontforge_validation_state.FontForgeValidateStateTest.test_allowed_numbers_points_in_composite_glyphs(): OK
bakery_lint.tests.downstream.test_fontforge_validation_state.FontForgeValidateStateTest.test_allowed_numbers_points_in_glyphs(): OK
bakery_lint.tests.downstream.test_fontforge_validation_state.FontForgeValidateStateTest.test_duplicate_glyphs(): OK
bakery_lint.tests.downstream.test_fontforge_validation_state.FontForgeValidateStateTest.test_duplicate_unicode_codepoints(): OK
bakery_lint.tests.downstream.test_fontforge_validation_state.FontForgeValidateStateTest.test_flipped_reference_in_glyphs(): OK
bakery_lint.tests.downstream.test_fontforge_validation_state.FontForgeValidateStateTest.test_missing_anchors(): OK
bakery_lint.tests.downstream.test_fontforge_validation_state.FontForgeValidateStateTest.test_missing_extrema_in_glyphs(): FAIL
bakery_lint.tests.downstream.test_fontforge_validation_state.FontForgeValidateStateTest.test_overlapped_hints(): OK
bakery_lint.tests.downstream.test_fontforge_validation_state.FontForgeValidateStateTest.test_points_are_integer_aligned(): OK
bakery_lint.tests.downstream.test_fontforge_validation_state.FontForgeValidateStateTest.test_points_are_not_too_far_apart(): OK
bakery_lint.tests.downstream.test_fontforge_validation_state.FontForgeValidateStateTest.test_postscript_hasnt_limit_hints_in_glyphs(): OK
bakery_lint.tests.downstream.test_fontforge_validation_state.FontForgeValidateStateTest.test_postscript_hasnt_limit_points_in_glyphs(): OK
bakery_lint.tests.downstream.test_fontforge_validation_state.FontForgeValidateStateTest.test_referenced_glyphs_are_present(): OK
bakery_lint.tests.downstream.test_fontforge_validation_state.FontForgeValidateStateTest.test_valid_glyph_names(): OK
bakery_lint.tests.downstream.test_fontforge_validation_state.FontForgeValidateStateTest.test_valid_length_instructions(): OK
bakery_lint.tests.downstream.test_fontforge_validation_state.FontForgeValidateStateTest.test_validation_glyph_intersect(): FAIL
bakery_lint.tests.downstream.test_fontforge_validation_state.FontForgeValidateStateTest.test_validation_open_contours(): OK
bakery_lint.tests.downstream.test_fontforge_validation_state.FontForgeValidateStateTest.test_wrong_direction_in_glyphs(): FAIL
bakery_lint.tests.downstream.test_gpos_table_has_kerning_info.CheckGposTableHasKerningInfo.test_gpos_table_has_kerning_info(): OK
bakery_lint.tests.downstream.test_check_font_tables.CheckFontHasDsigTable.test_check_font_has_dsig_table(): FAIL
$ fontbakery-fix-dsig.py /home/travis/build/fontdirectory/vesperlibre/builds/build/VesperDevanagariLibre-Heavy.ttf
$ mv /home/travis/build/fontdirectory/vesperlibre/builds/build/VesperDevanagariLibre-Heavy.ttf.fix /home/travis/build/fontdirectory/vesperlibre/builds/build/VesperDevanagariLibre-Heavy.ttf
bakery_lint.tests.downstream.test_check_font_tables.CheckFontHasDsigTable.test_check_font_has_dsig_table(): OK
bakery_lint.tests.downstream.test_check_font_tables.CheckFontHasNotKernTable.test_no_kern_table_exists(): OK
bakery_lint.tests.downstream.test_check_license_included.CheckLicenseIncluded.test_license_included_in_font_names(): OK
bakery_lint.tests.downstream.test_check_no_problematic_formats.CheckNoProblematicFormats.test_check_no_problematic_formats(): OK
bakery_lint.tests.downstream.test_check_full_font_name_begins_with_family_name.CheckFullFontNameBeginsWithFamilyName.test_check_full_font_name_begins_with_family_name(): FAIL
bakery_lint.tests.downstream.test_check_unused_glyph_data.CheckUnusedGlyphData.test_check_unused_glyph_data(): ERROR
bakery_lint.tests.downstream.test_check_panose_identification.CheckPanoseIdentification.test_check_panose_identification(): OK
bakery_lint.tests.downstream.test_check_names_same_across_platforms.CheckNamesSameAcrossPlatforms.test_check_names_same_across_platforms(): FAIL
bakery_lint.tests.downstream.test_check_glyph_existence.CheckGlyphExistence.test_euro(): OK
bakery_lint.tests.downstream.test_check_glyph_existence.CheckGlyphExistence.test_nbsp(): OK
bakery_lint.tests.downstream.test_check_glyph_existence.CheckGlyphExistence.test_space(): OK
bakery_lint.tests.downstream.test_gasp_table_value.CheckGaspTableType.test_check_gasp_table_type(): OK
$ fontbakery-fix-gasp.py --set=15 /home/travis/build/fontdirectory/vesperlibre/builds/build/VesperDevanagariLibre-Heavy.ttf
$ mv /home/travis/build/fontdirectory/vesperlibre/builds/build/VesperDevanagariLibre-Heavy.ttf.fix /home/travis/build/fontdirectory/vesperlibre/builds/build/VesperDevanagariLibre-Heavy.ttf
bakery_lint.tests.downstream.test_names_are_ascii_only.CheckNamesAreASCIIOnly.test_check_names_are_ascii_only(): OK
bakery_lint.tests.downstream.test_check_os2_width_class.CheckOS2WidthClass.test_check_os2_width_class(): OK
bakery_lint.tests.downstream.test_check_fontname_matches_macstyle.CheckFontNameEqualToMacStyleFlags.test_fontname_is_equal_to_macstyle(): FAIL
bakery_lint.tests.downstream.test_check_italic_angle_agreement.CheckItalicAngleAgreement.test_check_italic_angle_agreement(): OK
bakery_lint.tests.downstream.test_check_hmtx_hhea_max_advance_width_agreement.CheckHmtxHheaMaxAdvanceWidthAgreement.test_check_hmtx_hhea_max_advance_width_agreement(): OK
### Optimize TTF VesperDevanagariLibre-Heavy.ttf
$ ls -l 'VesperDevanagariLibre-Heavy.ttf'* # look at the size savings of that subset process
VesperDevanagariLibre-Heavy.ttf.opt: 155088 bytes
VesperDevanagariLibre-Heavy.ttf: 165500 bytes
$ mv /home/travis/build/fontdirectory/vesperlibre/builds/build/VesperDevanagariLibre-Heavy.ttf.opt /home/travis/build/fontdirectory/vesperlibre/builds/build/VesperDevanagariLibre-Heavy.ttf
### Autohint TTFs (ttfautohint) VesperDevanagariLibre-Heavy.ttf
$ ttfautohint -l 7 -r 28 -G 50 -x 13 -w "G" /home/travis/build/fontdirectory/vesperlibre/builds/build/VesperDevanagariLibre-Heavy.ttf '/home/travis/build/fontdirectory/vesperlibre/builds/build/VesperDevanagariLibre-Heavy.autohint.ttf'

$ ls -l /home/travis/build/fontdirectory/vesperlibre/builds/build/VesperDevanagariLibre-Heavy.*ttf # look at the size savings of that subset process
/home/travis/build/fontdirectory/vesperlibre/builds/build/VesperDevanagariLibre-Heavy.ttf: 155088 bytes
/home/travis/build/fontdirectory/vesperlibre/builds/build/VesperDevanagariLibre-Heavy.autohint.ttf: 226808 bytes
$ mv /home/travis/build/fontdirectory/vesperlibre/builds/build/VesperDevanagariLibre-Heavy.autohint.ttf /home/travis/build/fontdirectory/vesperlibre/builds/build/VesperDevanagariLibre-Heavy.ttf
### Subset TTFs (pyftsubset) VesperDevanagariLibre-Heavy.ttf
$ pyftsubset VesperDevanagariLibre-Heavy.latin
$ pyftsubset VesperDevanagariLibre-Heavy.menu
strippedname:/home/travis/build/fontdirectory/vesperlibre/builds/build/VesperDevanagariLibre-Heavy.ttf
### (5 of 6) Generate METADATA.json (fontbakery-build-metadata.py)
$ fontbakery-build-metadata.py /home/travis/build/fontdirectory/vesperlibre/builds/build
{} exists
Designer's name from font is: Rob Keller & Kimya Gandhi
Original size: 222912\nGzip size: 107681
Family Name: Vesper Devanagari Libre
PS Name: VesperDevanagariLibre-Heavy
Full Name: Vesper Devanagari Libre Heavy
Style: normal
Weight: 900
Filename: VesperDevanagariLibre-Heavy.ttf
Copyright: Copyright (c) 2014 by Robert Keller.
Family Name: Vesper Devanagari Libre
PS Name: VesperDevanagariLibre-Regular
Full Name: Vesper Devanagari Libre
Style: normal
Weight: 400
Filename: VesperDevanagariLibre-Regular.ttf
Copyright: Copyright (c) 2014 by Robert Keller.
Family Name: Vesper Devanagari Libre
PS Name: VesperDevanagariLibre-Medium
Full Name: Vesper Devanagari Libre Medium
Style: normal
Weight: 500
Filename: VesperDevanagariLibre-Medium.ttf
Copyright: Copyright (c) 2014 by Robert Keller.
Family Name: Vesper Devanagari Libre
PS Name: VesperDevanagariLibre-Bold
Full Name: Vesper Devanagari Libre Bold
Style: normal
Weight: 700
Filename: VesperDevanagariLibre-Bold.ttf
Copyright: Copyright (c) 2014 by Robert Keller.
### (6 of 6) Run tests for METADATA.json
$ fontbakery-check.py metadata METADATA.json
bakery_lint.tests.metadata_test.MetadataSubsetsListTest.test_charset_devanagari(): FAIL
bakery_lint.tests.metadata_test.MetadataSubsetsListTest.test_charset_latin(): FAIL
bakery_lint.tests.metadata_test.MetadataSubsetsListTest.test_charset_latin_ext(): FAIL
bakery_lint.tests.metadata_test.MetadataSubsetsListTest.test_charset_menu(): FAIL
bakery_lint.tests.metadata_test.MetadataTest.test_description_is_more_than_500b(): OK
bakery_lint.tests.metadata_test.MetadataTest.test_description_is_valid_html(): FAIL
bakery_lint.tests.metadata_test.MetadataTest.test_does_not_familyName_exist_in_daltonmaag_catalogue(): FAIL
bakery_lint.tests.metadata_test.MetadataTest.test_does_not_familyName_exist_in_fontbureau_catalogue(): OK
bakery_lint.tests.metadata_test.MetadataTest.test_does_not_familyName_exist_in_fontscom_catalogue(): OK
bakery_lint.tests.metadata_test.MetadataTest.test_does_not_familyName_exist_in_fontshop_catalogue(): FAIL
bakery_lint.tests.metadata_test.MetadataTest.test_does_not_familyName_exist_in_fontsmith_catalogue(): FAIL
bakery_lint.tests.metadata_test.MetadataTest.test_does_not_familyName_exist_in_houseind_catalogue(): OK
bakery_lint.tests.metadata_test.MetadataTest.test_does_not_familyName_exist_in_myfonts_catalogue(): FAIL
bakery_lint.tests.metadata_test.MetadataTest.test_does_not_familyName_exist_in_veer_catalogue(): OK
bakery_lint.tests.metadata_test.MetadataTest.test_family_is_listed_in_gwf(): FAIL
bakery_lint.tests.metadata_test.MetadataTest.test_metadata_atleast_latin_menu_subsets_exist(): OK
/home/travis/virtualenv/python2.7.8/lib/python2.7/site-packages/bakery_lint/tests/metadata_test.py:141: UnicodeWarning: Unicode equal comparison failed to convert both arguments to Unicode - interpreting them as being unequal
  self.assertTrue(designer in designers,
bakery_lint.tests.metadata_test.MetadataTest.test_metadata_designer_exists_in_profiles_csv(): OK
bakery_lint.tests.metadata_test.MetadataTest.test_metadata_fonts_items_dicts(): OK
bakery_lint.tests.metadata_test.MetadataTest.test_metadata_fonts_key_list(): OK
bakery_lint.tests.metadata_test.MetadataTest.test_metadata_fonts_no_dupes(): OK
bakery_lint.tests.metadata_test.MetadataTest.test_metadata_has_unique_style_weight_pairs(): OK
bakery_lint.tests.metadata_test.MetadataTest.test_metadata_keys(): OK
bakery_lint.tests.metadata_test.MetadataTest.test_metadata_license(): OK
bakery_lint.tests.metadata_test.MetadataTest.test_metadata_no_unknown_top_keys(): OK
bakery_lint.tests.metadata_test.MetadataTest.test_metadata_subsets_key_list(): OK
bakery_lint.tests.metadata_test.MetadataTest.test_metadata_top_keys_types(): OK
bakery_lint.tests.downstream.test_check_font_name_not_in_camelcase.CheckFontNameNotInCamelCase.test_fontname_not_in_camel_case(): OK
bakery_lint.tests.downstream.test_check_familyname_matches_fontnames.CheckFamilyNameMatchesFontNames.test_check_familyname_matches_fontnames(): OK
bakery_lint.tests.downstream.test_check_text_files_exist.CheckTextFilesExist.test_copyrighttxt_exists(): FAIL
bakery_lint.tests.downstream.test_check_text_files_exist.CheckTextFilesExist.test_description_exists(): OK
bakery_lint.tests.downstream.test_check_text_files_exist.CheckTextFilesExist.test_fontlogtxt_exists(): FAIL
bakery_lint.tests.downstream.test_check_text_files_exist.CheckTextFilesExist.test_licensetxt_exists(): FAIL
bakery_lint.tests.downstream.test_check_menu_contains_proper_glyphs.CheckMenuSubsetContainsProperGlyphs.test_check_menu_contains_proper_glyphs(): ERROR
bakery_lint.tests.downstream.test_check_canonical_filenames.CheckCanonicalFilenames.test_check_canonical_filenames(): FAIL
bakery_lint.tests.downstream.test_metadata_agreements.TestFontOnDiskFamilyEqualToMetadataJSON.test_font_on_disk_family_equal_in_metadata_json(): OK
bakery_lint.tests.downstream.test_metadata_agreements.TestPostScriptNameInMetadataEqualFontOnDisk.test_postscriptname_in_metadata_equal_to_font_on_disk(): OK
bakery_lint.tests.downstream.test_metadata_agreements.CheckMetadataAgreements.test_font_name_matches_family(): ERROR
bakery_lint.tests.downstream.test_metadata_agreements.CheckMetadataAgreements.test_metadata_family_values_are_all_the_same(): OK
bakery_lint.tests.downstream.test_metadata_agreements.CheckMetadataAgreements.test_metadata_filename_matches_postscriptname(): FAIL
bakery_lint.tests.downstream.test_metadata_agreements.CheckMetadataAgreements.test_metadata_font_have_regular(): OK
bakery_lint.tests.downstream.test_metadata_agreements.CheckMetadataAgreements.test_metadata_fonts_fields_have_fontname(): ERROR
bakery_lint.tests.downstream.test_metadata_agreements.CheckMetadataAgreements.test_metadata_fullname_is_equal_to_internal_font_fullname(): ERROR
bakery_lint.tests.downstream.test_metadata_agreements.CheckMetadataAgreements.test_metadata_fullname_matches_postScriptName(): FAIL
bakery_lint.tests.downstream.test_metadata_agreements.CheckMetadataAgreements.test_metadata_regular_is_400(): OK
bakery_lint.tests.downstream.test_metadata_agreements.CheckMetadataAgreements.test_metadata_regular_is_normal(): FAIL
bakery_lint.tests.downstream.test_check_metadata_style_matches_names.CheckItalicStyleMatchesMacStyle.test_check_italic_style_matches_names(): OK
bakery_lint.tests.downstream.test_check_metadata_style_matches_names.CheckNormalStyleMatchesMacStyle.test_check_normal_style_matches_names(): ERROR
bakery_lint.tests.downstream.test_check_files_menu_agreements.CheckFontsMenuAgreements.test_menu_file_agreement(): FAIL
bakery_lint.tests.downstream.test_check_metadata_fields.CheckMetadataFields.test_check_metadata_fields(): OK
bakery_lint.tests.downstream.test_check_canonical_styles.CheckCanonicalStyles.test_check_canonical_styles(): ERROR
bakery_lint.tests.downstream.test_check_glyph_consistency.CheckGlyphConsistencyInFamily.test_the_same_encodings_of_glyphs_across_family(): ERROR
bakery_lint.tests.downstream.test_check_glyph_consistency.CheckGlyphConsistencyInFamily.test_the_same_names_of_glyphs_across_family(): ERROR
bakery_lint.tests.downstream.test_check_glyph_consistency.CheckGlyphConsistencyInFamily.test_the_same_number_of_glyphs_across_family(): ERROR
bakery_lint.tests.downstream.test_check_subsets_exists.CheckSubsetsExist.test_check_subsets_exists(): FAIL
bakery_lint.tests.downstream.test_metadata_font_copyright.CheckMetadataContainsReservedFontName.test_copyright_contains_correct_rfn(): FAIL
bakery_lint.tests.downstream.test_metadata_font_copyright.CheckMetadataContainsReservedFontName.test_copyright_is_consistent_across_family(): OK
bakery_lint.tests.downstream.test_metadata_font_copyright.CheckMetadataContainsReservedFontName.test_copyright_matches_pattern(): OK
bakery_lint.tests.downstream.test_metadata_font_copyright.CheckMetadataContainsReservedFontName.test_metadata_copyright_size(): OK
bakery_lint.tests.downstream.test_check_monospace_agreements.CheckMonospaceAgreement.test_check_monospace_agreement(): OK
bakery_lint.tests.downstream.test_check_canonical_weights.CheckCanonicalWeights.test_check_canonical_weights(): ERROR
bakery_lint.tests.downstream.test_check_canonical_weights.CheckPostScriptNameMatchesWeight.test_postscriptname_contains_correct_weight(): FAIL
bakery_lint.tests.downstream.test_check_canonical_weights.CheckFontWeightSameAsInMetadata.test_font_weight_same_as_in_metadata(): ERROR
bakery_lint.tests.downstream.test_check_canonical_weights.CheckFullNameEqualCanonicalName.test_metadata_contains_current_font(): ERROR
bakery_lint.tests.downstream.test_check_metadata_matches_nametable.CheckMetadataMatchesNameTable.test_check_metadata_matches_nametable(): ERROR
{
  "name": "Vesper Libre", 
  "designer": "Mota Italic", 
  "license": "OFL", 
  "visibility": "Sandbox", 
  "category": "Serif", 
  "size": 77365, 
  "fonts": [
    {
      "name": "Vesper Devanagari Libre", 
      "postScriptName": "VesperDevanagariLibre-Heavy", 
      "fullName": "Vesper Devanagari Libre Heavy", 
      "style": "normal", 
      "weight": 900, 
      "filename": "VesperDevanagariLibre-Heavy.ttf", 
      "copyright": "Copyright (c) 2014 by Robert Keller."
    }, 
    {
      "name": "Vesper Devanagari Libre", 
      "postScriptName": "VesperDevanagariLibre-Regular", 
      "fullName": "Vesper Devanagari Libre", 
      "style": "normal", 
      "weight": 400, 
      "filename": "VesperDevanagariLibre-Regular.ttf", 
      "copyright": "Copyright (c) 2014 by Robert Keller."
    }, 
    {
      "name": "Vesper Devanagari Libre", 
      "postScriptName": "VesperDevanagariLibre-Medium", 
      "fullName": "Vesper Devanagari Libre Medium", 
      "style": "normal", 
      "weight": 500, 
      "filename": "VesperDevanagariLibre-Medium.ttf", 
      "copyright": "Copyright (c) 2014 by Robert Keller."
    }, 
    {
      "name": "Vesper Devanagari Libre", 
      "postScriptName": "VesperDevanagariLibre-Bold", 
      "fullName": "Vesper Devanagari Libre Bold", 
      "style": "normal", 
      "weight": 700, 
      "filename": "VesperDevanagariLibre-Bold.ttf", 
      "copyright": "Copyright (c) 2014 by Robert Keller."
    }
  ], 
  "subsets": [
    "latin", 
    "menu"
  ], 
  "dateAdded": "2014-07-14"
}
